
Discarded input sections

 .group         0x00000000        0xc C:\Users\henry\AppData\Local\Temp\cccftXsD.o
 .group         0x00000000        0xc C:\Users\henry\AppData\Local\Temp\cccftXsD.o
 .group         0x00000000        0xc C:\Users\henry\AppData\Local\Temp\cccftXsD.o
 .group         0x00000000        0xc C:\Users\henry\AppData\Local\Temp\cccftXsD.o
 .group         0x00000000        0xc C:\Users\henry\AppData\Local\Temp\cccftXsD.o
 .group         0x00000000        0xc C:\Users\henry\AppData\Local\Temp\cccftXsD.o
 .group         0x00000000        0xc C:\Users\henry\AppData\Local\Temp\cccftXsD.o
 .group         0x00000000        0xc C:\Users\henry\AppData\Local\Temp\cccftXsD.o
 .group         0x00000000        0xc C:\Users\henry\AppData\Local\Temp\cccftXsD.o
 .group         0x00000000        0xc C:\Users\henry\AppData\Local\Temp\cccftXsD.o
 .group         0x00000000        0xc C:\Users\henry\AppData\Local\Temp\cccftXsD.o
 .group         0x00000000        0xc C:\Users\henry\AppData\Local\Temp\cccftXsD.o
 .group         0x00000000        0xc C:\Users\henry\AppData\Local\Temp\cccftXsD.o
 .group         0x00000000        0xc C:\Users\henry\AppData\Local\Temp\cccftXsD.o
 .group         0x00000000        0xc C:\Users\henry\AppData\Local\Temp\cccftXsD.o
 .group         0x00000000        0xc C:\Users\henry\AppData\Local\Temp\cccftXsD.o
 .group         0x00000000        0xc C:\Users\henry\AppData\Local\Temp\cccftXsD.o
 .group         0x00000000        0xc C:\Users\henry\AppData\Local\Temp\cccftXsD.o
 .group         0x00000000        0xc C:\Users\henry\AppData\Local\Temp\cccftXsD.o
 .group         0x00000000        0xc C:\Users\henry\AppData\Local\Temp\cccftXsD.o
 .group         0x00000000        0xc C:\Users\henry\AppData\Local\Temp\cccftXsD.o
 .group         0x00000000        0xc C:\Users\henry\AppData\Local\Temp\cccftXsD.o
 .group         0x00000000        0xc C:\Users\henry\AppData\Local\Temp\cccftXsD.o
 .group         0x00000000        0xc C:\Users\henry\AppData\Local\Temp\cccftXsD.o
 .group         0x00000000        0xc C:\Users\henry\AppData\Local\Temp\cccftXsD.o
 .group         0x00000000        0xc C:\Users\henry\AppData\Local\Temp\cccftXsD.o
 .group         0x00000000        0xc C:\Users\henry\AppData\Local\Temp\cccftXsD.o
 .group         0x00000000        0xc C:\Users\henry\AppData\Local\Temp\cccftXsD.o
 .group         0x00000000        0xc C:\Users\henry\AppData\Local\Temp\cccftXsD.o
 .text          0x00000000        0x0 C:\Users\henry\AppData\Local\Temp\cccftXsD.o
 .data          0x00000000        0x0 C:\Users\henry\AppData\Local\Temp\cccftXsD.o
 .bss           0x00000000        0x0 C:\Users\henry\AppData\Local\Temp\cccftXsD.o

Memory Configuration

Name             Origin             Length             Attributes
flash            0x08000000         0x00080000         xr
sram             0x20000000         0x00018000         xrw
*default*        0x00000000         0xffffffff

Linker script and memory map

LOAD C:\Users\henry\AppData\Local\Temp\cccftXsD.o
LOAD C:/Program Files (x86)/Arm GNU Toolchain arm-none-eabi/13.3 rel1/bin/../lib/gcc/arm-none-eabi/13.3.1/thumb/v7e-m+fp/hard\libc_nano.a
LOAD C:/Program Files (x86)/Arm GNU Toolchain arm-none-eabi/13.3 rel1/bin/../lib/gcc/arm-none-eabi/13.3.1/thumb/v7e-m+fp/hard\libgcc.a
                0x20018000                        _estack = (ORIGIN (sram) + LENGTH (sram))

.vectors        0x08000000      0x1ac
 *(.vectors)
 .vectors       0x08000000      0x1ac C:\Users\henry\AppData\Local\Temp\cccftXsD.o
                0x08000000                tab

.text           0x080001ac       0x88
 *(.text*)
 .text.startup.main
                0x080001ac       0x4c C:\Users\henry\AppData\Local\Temp\cccftXsD.o
                0x080001ac                main
 .text._reset   0x080001f8       0x3c C:\Users\henry\AppData\Local\Temp\cccftXsD.o
                0x080001f8                _reset

.glue_7         0x08000234        0x0
 .glue_7        0x08000234        0x0 linker stubs

.glue_7t        0x08000234        0x0
 .glue_7t       0x08000234        0x0 linker stubs

.vfp11_veneer   0x08000234        0x0
 .vfp11_veneer  0x08000234        0x0 linker stubs

.v4_bx          0x08000234        0x0
 .v4_bx         0x08000234        0x0 linker stubs

.iplt           0x08000234        0x0
 .iplt          0x08000234        0x0 C:\Users\henry\AppData\Local\Temp\cccftXsD.o

.rel.dyn        0x08000234        0x0
 .rel.iplt      0x08000234        0x0 C:\Users\henry\AppData\Local\Temp\cccftXsD.o

.rodata
 *(.rodata*)

.data           0x20000000        0x0 load address 0x08000234
                0x20000000                        _sdata = .
 *(.first_data)
 *(.data SORT_BY_NAME(.data.*))
                0x20000000                        _edata = .
                0x08000234                        _sidata = LOADADDR (.data)

.igot.plt       0x20000000        0x0 load address 0x08000234
 .igot.plt      0x20000000        0x0 C:\Users\henry\AppData\Local\Temp\cccftXsD.o

.bss            0x20000000        0x0 load address 0x08000234
                0x20000000                        _sbss = .
 *(.bss SORT_BY_NAME(.bss.*) COMMON)
                0x20000000                        _ebss = .
                0x20000000                        . = ALIGN (0x8)
                0x20000000                        _end = .
OUTPUT(firmware.elf elf32-littlearm)
LOAD linker stubs

.debug_info     0x00000000      0x592
 .debug_info    0x00000000      0x592 C:\Users\henry\AppData\Local\Temp\cccftXsD.o

.debug_abbrev   0x00000000      0x252
 .debug_abbrev  0x00000000      0x252 C:\Users\henry\AppData\Local\Temp\cccftXsD.o

.debug_loclists
                0x00000000      0x10c
 .debug_loclists
                0x00000000      0x10c C:\Users\henry\AppData\Local\Temp\cccftXsD.o

.debug_aranges  0x00000000       0x28
 .debug_aranges
                0x00000000       0x28 C:\Users\henry\AppData\Local\Temp\cccftXsD.o

.debug_rnglists
                0x00000000       0x49
 .debug_rnglists
                0x00000000       0x49 C:\Users\henry\AppData\Local\Temp\cccftXsD.o

.debug_macro    0x00000000     0x1f12
 .debug_macro   0x00000000      0x17c C:\Users\henry\AppData\Local\Temp\cccftXsD.o
 .debug_macro   0x0000017c      0xacc C:\Users\henry\AppData\Local\Temp\cccftXsD.o
 .debug_macro   0x00000c48       0x2a C:\Users\henry\AppData\Local\Temp\cccftXsD.o
 .debug_macro   0x00000c72       0x22 C:\Users\henry\AppData\Local\Temp\cccftXsD.o
 .debug_macro   0x00000c94       0x5b C:\Users\henry\AppData\Local\Temp\cccftXsD.o
 .debug_macro   0x00000cef       0x94 C:\Users\henry\AppData\Local\Temp\cccftXsD.o
 .debug_macro   0x00000d83       0x43 C:\Users\henry\AppData\Local\Temp\cccftXsD.o
 .debug_macro   0x00000dc6       0x34 C:\Users\henry\AppData\Local\Temp\cccftXsD.o
 .debug_macro   0x00000dfa       0x16 C:\Users\henry\AppData\Local\Temp\cccftXsD.o
 .debug_macro   0x00000e10      0x11c C:\Users\henry\AppData\Local\Temp\cccftXsD.o
 .debug_macro   0x00000f2c       0x9b C:\Users\henry\AppData\Local\Temp\cccftXsD.o
 .debug_macro   0x00000fc7       0x57 C:\Users\henry\AppData\Local\Temp\cccftXsD.o
 .debug_macro   0x0000101e      0x370 C:\Users\henry\AppData\Local\Temp\cccftXsD.o
 .debug_macro   0x0000138e       0x16 C:\Users\henry\AppData\Local\Temp\cccftXsD.o
 .debug_macro   0x000013a4       0x4a C:\Users\henry\AppData\Local\Temp\cccftXsD.o
 .debug_macro   0x000013ee       0x34 C:\Users\henry\AppData\Local\Temp\cccftXsD.o
 .debug_macro   0x00001422       0x10 C:\Users\henry\AppData\Local\Temp\cccftXsD.o
 .debug_macro   0x00001432       0x58 C:\Users\henry\AppData\Local\Temp\cccftXsD.o
 .debug_macro   0x0000148a       0x8e C:\Users\henry\AppData\Local\Temp\cccftXsD.o
 .debug_macro   0x00001518       0x1c C:\Users\henry\AppData\Local\Temp\cccftXsD.o
 .debug_macro   0x00001534      0x185 C:\Users\henry\AppData\Local\Temp\cccftXsD.o
 .debug_macro   0x000016b9       0x16 C:\Users\henry\AppData\Local\Temp\cccftXsD.o
 .debug_macro   0x000016cf       0x29 C:\Users\henry\AppData\Local\Temp\cccftXsD.o
 .debug_macro   0x000016f8      0x103 C:\Users\henry\AppData\Local\Temp\cccftXsD.o
 .debug_macro   0x000017fb       0x6a C:\Users\henry\AppData\Local\Temp\cccftXsD.o
 .debug_macro   0x00001865      0x1df C:\Users\henry\AppData\Local\Temp\cccftXsD.o
 .debug_macro   0x00001a44       0x10 C:\Users\henry\AppData\Local\Temp\cccftXsD.o
 .debug_macro   0x00001a54       0x3c C:\Users\henry\AppData\Local\Temp\cccftXsD.o
 .debug_macro   0x00001a90      0x460 C:\Users\henry\AppData\Local\Temp\cccftXsD.o
 .debug_macro   0x00001ef0       0x22 C:\Users\henry\AppData\Local\Temp\cccftXsD.o

.debug_line     0x00000000      0x492
 .debug_line    0x00000000      0x492 C:\Users\henry\AppData\Local\Temp\cccftXsD.o

.debug_str      0x00000000     0x844d
 .debug_str     0x00000000     0x844d C:\Users\henry\AppData\Local\Temp\cccftXsD.o
                               0x8664 (size before relaxing)

.comment        0x00000000       0x45
 .comment       0x00000000       0x45 C:\Users\henry\AppData\Local\Temp\cccftXsD.o
                                 0x46 (size before relaxing)

.ARM.attributes
                0x00000000       0x34
 .ARM.attributes
                0x00000000       0x34 C:\Users\henry\AppData\Local\Temp\cccftXsD.o

.debug_frame    0x00000000       0x38
 .debug_frame   0x00000000       0x38 C:\Users\henry\AppData\Local\Temp\cccftXsD.o
